[battery] loading cache
FAM  | tag           | geo     |       n |     netR |   grossR |    WR% |  pf_net |  avgbars
T1   | donchW_tide   | SURV_W  |    8660 |  -0.1985 |  +0.0515 |  30.0% |   0.658 |      838
T1   | donchW_free   | SURV_W  |    8720 |  -0.2012 |  +0.0488 |  29.9% |   0.654 |      838
T2   | tsmom7d       | SURV_W  |   25687 |  -0.1923 |  +0.0577 |  30.0% |   0.674 |      831
T2   | tsmom7d_hi15  | SURV_W  |    2244 |  -0.1585 |  +0.0915 |  26.8% |   0.752 |      594
T3   | pullback_M    | SURV_M  |   17505 |  -0.2428 |  +0.0072 |  25.9% |   0.627 |      263
T3   | pullback_W    | SURV_W  |   11395 |  -0.2196 |  +0.0304 |  29.6% |   0.637 |      802
T4   | nr7_fast      | FAST    |    4851 |  -0.2327 |  +0.0173 |  46.8% |   0.650 |        9
T5   | fund_carry    | MID     |   20417 |  -0.2399 |  +0.0101 |  49.7% |   0.580 |       52
T6   | xs_decile     | SURV_W  |    7408 |  -0.1603 |  +0.0897 |  30.0% |   0.732 |      803
T7   | orb_fast      | FAST    |   19887 |  -0.2562 |  -0.0062 |  44.4% |   0.629 |       10
T8   | btc_lead      | FAST    |   30499 |  -0.2101 |  +0.0399 |  47.5% |   0.679 |       10
T9   | oi_break      | FAST    |   47098 |  -0.1845 |  +0.0655 |  44.6% |   0.733 |        9
fam          tag    geo     n     net_r   gross_r        wr       pf   avg_bars
 T2 tsmom7d_hi15 SURV_W  2244 -0.158453  0.091547 26.827094 0.751699 594.174688
 T6    xs_decile SURV_W  7408 -0.160254  0.089746 30.035097 0.731930 803.195869
 T9     oi_break   FAST 47098 -0.184544  0.065456 44.575141 0.732656   9.148308
 T2      tsmom7d SURV_W 25687 -0.192261  0.057739 30.038541 0.674463 831.343520
 T1  donchW_tide SURV_W  8660 -0.198516  0.051484 29.953811 0.657686 837.611085
 T1  donchW_free SURV_W  8720 -0.201209  0.048791 29.862385 0.653695 838.018807
 T8     btc_lead   FAST 30499 -0.210073  0.039927 47.496639 0.679022   9.502803
 T3   pullback_W SURV_W 11395 -0.219619  0.030381 29.627029 0.637299 802.012813
 T4     nr7_fast   FAST  4851 -0.232717  0.017283 46.773861 0.650044   8.623583
 T5   fund_carry    MID 20417 -0.239864  0.010136 49.728168 0.579898  52.068717
 T3   pullback_M SURV_M 17505 -0.242823  0.007177 25.889746 0.627010 262.612282
 T7     orb_fast   FAST 19887 -0.256208 -0.006208 44.436064 0.629106   9.703977
[battery] done in 7s → /home/user/Trading/scratch/battery_pools_v2
