[battery] loading cache
[battery] PROFILE=maker25 fee=(1, 8, 2.0, 23.0)
FAM  | tag           | geo     |       n |     netR |   grossR |    WR% |  pf_net |  avgbars
T1   | donchW_tide   | SURV_W  |   12147 |  +0.0450 |  +0.2950 |  49.7% |   1.102 |      841
T1   | donchW_free   | SURV_W  |   12233 |  +0.0423 |  +0.2923 |  49.6% |   1.095 |      841
T2   | tsmom7d       | SURV_W  |   35950 |  +0.0317 |  +0.2817 |  48.9% |   1.067 |      759
T2   | tsmom7d_hi15  | SURV_W  |    3042 |  +0.0663 |  +0.3163 |  48.3% |   1.131 |      611
T3   | pullback_M    | SURV_M  |   26149 |  -0.0342 |  +0.2158 |  48.2% |   0.934 |      264
T3   | pullback_W    | SURV_W  |   16800 |  +0.0313 |  +0.2813 |  49.0% |   1.067 |      803
T4   | nr7_fast      | FAST    |    6991 |  -0.7849 |  -0.5349 |  10.3% |   0.341 |        8
T5   | fund_carry    | MID     |   20367 |  -0.1392 |  +0.1108 |  49.2% |   0.734 |       51
T6   | xs_decile     | SURV_W  |   11072 |  +0.0573 |  +0.3073 |  48.9% |   1.124 |      814
T7   | orb_fast      | FAST    |   27132 |  -0.4887 |  -0.2387 |  20.2% |   0.473 |       10
T8   | btc_lead      | FAST    |   45231 |  -0.4338 |  -0.1838 |  22.8% |   0.502 |        9
T9   | oi_break      | FAST    |   46941 |  -0.4240 |  -0.1740 |  19.8% |   0.542 |        9
T5   | fundcarry_W   | SURV_W  |   12622 |  -0.0063 |  +0.2437 |  47.1% |   0.987 |      774
T8   | btclead_W     | SURV_W  |   13844 |  +0.0156 |  +0.2656 |  48.9% |   1.033 |      770
T4   | nr7_S         | SURV_S  |    5905 |  -0.0588 |  +0.1912 |  45.4% |   0.890 |      197
T1   | donch_S       | SURV_S  |   15744 |  +0.0062 |  +0.2562 |  48.3% |   1.015 |      270
T6   | xs_S          | SURV_S  |   18931 |  -0.0082 |  +0.2418 |  48.6% |   0.981 |      266
OF1  | takerflow_W   | SURV_W  |   34557 |  +0.0069 |  +0.2569 |  48.5% |   1.014 |      752
OF2  | cvdslope_W    | SURV_W  |   33927 |  +0.0049 |  +0.2549 |  48.0% |   1.010 |      749
OF3  | crowdfade_M   | SURV_M  |   22500 |  -0.0413 |  +0.2087 |  46.1% |   0.922 |      279
OF4  | liqcascade_S  | SURV_S  |   48445 |  -0.0062 |  +0.2438 |  48.8% |   0.986 |      255
OF5  | oiexp_S       | SURV_S  |   32759 |  -0.0076 |  +0.2424 |  48.1% |   0.983 |      259
fam          tag    geo     n     net_r   gross_r        wr       pf   avg_bars
 T2 tsmom7d_hi15 SURV_W  3042  0.066308  0.316308 48.290598 1.130877 611.285996
 T6    xs_decile SURV_W 11072  0.057265  0.307265 48.934249 1.124130 814.198699
 T1  donchW_tide SURV_W 12147  0.044982  0.294982 49.748909 1.101530 840.549189
 T1  donchW_free SURV_W 12233  0.042268  0.292268 49.611706 1.095154 840.534456
 T2      tsmom7d SURV_W 35950  0.031692  0.281692 48.934631 1.066709 759.325841
 T3   pullback_W SURV_W 16800  0.031301  0.281301 48.988095 1.067472 803.388214
 T8    btclead_W SURV_W 13844  0.015568  0.265568 48.902051 1.032648 770.276004
OF1  takerflow_W SURV_W 34557  0.006925  0.256925 48.450386 1.014250 752.139509
 T1      donch_S SURV_S 15744  0.006158  0.256158 48.297764 1.014901 269.769754
OF2   cvdslope_W SURV_W 33927  0.004869  0.254869 48.035488 1.009958 749.245498
OF4 liqcascade_S SURV_S 48445 -0.006223  0.243777 48.774899 0.985887 254.510228
 T5  fundcarry_W SURV_W 12622 -0.006348  0.243652 47.124069 0.987033 774.145302
OF5      oiexp_S SURV_S 32759 -0.007621  0.242379 48.139443 0.982702 259.305901
 T6         xs_S SURV_S 18931 -0.008211  0.241789 48.555280 0.980978 265.637948
 T3   pullback_M SURV_M 26149 -0.034177  0.215823 48.215993 0.933590 263.912463
OF3  crowdfade_M SURV_M 22500 -0.041253  0.208747 46.133333 0.921572 279.375600
 T4        nr7_S SURV_S  5905 -0.058828  0.191172 45.385267 0.889991 197.288061
 T5   fund_carry    MID 20367 -0.139199  0.110801 49.236510 0.734226  51.368194
 T9     oi_break   FAST 46941 -0.424029 -0.174029 19.839799 0.541884   9.061993
 T8     btc_lead   FAST 45231 -0.433752 -0.183752 22.776414 0.502382   9.292565
 T7     orb_fast   FAST 27132 -0.488689 -0.238689 20.193867 0.472786   9.725306
 T4     nr7_fast   FAST  6991 -0.784918 -0.534918 10.341868 0.340564   8.261908
[battery] done in 7s → /home/user/Trading/scratch/battery_pools_v2_maker25
