[battery] loading cache
[battery] PROFILE=maker35 fee=(1, 8, 2.0, 33.0)
FAM  | tag           | geo     |       n |     netR |   grossR |    WR% |  pf_net |  avgbars
T1   | donchW_tide   | SURV_W  |   12147 |  +0.0341 |  +0.2841 |  49.5% |   1.076 |      841
T1   | donchW_free   | SURV_W  |   12233 |  +0.0314 |  +0.2814 |  49.3% |   1.070 |      841
T2   | tsmom7d       | SURV_W  |   35950 |  +0.0184 |  +0.2684 |  48.6% |   1.038 |      759
T2   | tsmom7d_hi15  | SURV_W  |    3042 |  +0.0491 |  +0.2991 |  47.2% |   1.095 |      611
T3   | pullback_M    | SURV_M  |   26149 |  -0.0559 |  +0.1941 |  45.1% |   0.894 |      264
T3   | pullback_W    | SURV_W  |   16800 |  +0.0204 |  +0.2704 |  48.8% |   1.044 |      803
T4   | nr7_fast      | FAST    |    6991 |  -1.1142 |  -0.8642 |   7.0% |   0.257 |        8
T5   | fund_carry    | MID     |   20367 |  -0.1981 |  +0.0519 |  46.6% |   0.645 |       51
T6   | xs_decile     | SURV_W  |   11072 |  +0.0456 |  +0.2956 |  48.6% |   1.098 |      814
T7   | orb_fast      | FAST    |   27132 |  -0.6964 |  -0.4464 |  13.8% |   0.373 |       10
T8   | btc_lead      | FAST    |   45231 |  -0.6347 |  -0.3847 |  15.0% |   0.395 |        9
T9   | oi_break      | FAST    |   46941 |  -0.6324 |  -0.3824 |  13.0% |   0.431 |        9
fam          tag    geo     n     net_r   gross_r        wr       pf   avg_bars
 T2 tsmom7d_hi15 SURV_W  3042  0.049128  0.299128 47.205786 1.095195 611.285996
 T6    xs_decile SURV_W 11072  0.045604  0.295604 48.600072 1.097570 814.198699
 T1  donchW_tide SURV_W 12147  0.034109  0.284109 49.452540 1.076057 840.549189
 T1  donchW_free SURV_W 12233  0.031389  0.281389 49.309245 1.069807 840.534456
 T3   pullback_W SURV_W 16800  0.020440  0.270440 48.827381 1.043536 803.388214
 T2      tsmom7d SURV_W 35950  0.018363  0.268363 48.628651 1.038098 759.325841
 T3   pullback_M SURV_M 26149 -0.055948  0.194052 45.137481 0.893811 263.912463
 T5   fund_carry    MID 20367 -0.198113  0.051887 46.644081 0.644695  51.368194
 T9     oi_break   FAST 46941 -0.632366 -0.382366 13.020600 0.430631   9.061993
 T8     btc_lead   FAST 45231 -0.634743 -0.384743 15.047202 0.394861   9.292565
 T7     orb_fast   FAST 27132 -0.696423 -0.446423 13.828689 0.373463   9.725306
 T4     nr7_fast   FAST  6991 -1.114231 -0.864231  6.966099 0.256794   8.261908
[battery] done in 4s → /home/user/Trading/scratch/battery_pools_v2_maker35
