[battery] loading cache
[battery] PROFILE=taker41 fee=(2, 0, 18.0, 23.0)
FAM  | tag           | geo     |       n |     netR |   grossR |    WR% |  pf_net |  avgbars
T1   | donchW_tide   | SURV_W  |   12190 |  +0.0295 |  +0.2795 |  49.3% |   1.065 |      841
T1   | donchW_free   | SURV_W  |   12276 |  +0.0268 |  +0.2768 |  49.2% |   1.059 |      841
T2   | tsmom7d       | SURV_W  |   36082 |  +0.0103 |  +0.2603 |  48.4% |   1.021 |      760
T2   | tsmom7d_hi15  | SURV_W  |    3045 |  +0.0409 |  +0.2909 |  46.7% |   1.078 |      612
T3   | pullback_M    | SURV_M  |   26252 |  -0.0665 |  +0.1835 |  42.9% |   0.875 |      265
T3   | pullback_W    | SURV_W  |   16862 |  +0.0153 |  +0.2653 |  48.8% |   1.032 |      804
T4   | nr7_fast      | FAST    |    7017 |  -1.3297 |  -1.0797 |   6.0% |   0.205 |        9
T5   | fund_carry    | MID     |   20417 |  -0.2314 |  +0.0186 |  44.7% |   0.600 |       52
T6   | xs_decile     | SURV_W  |   11109 |  +0.0391 |  +0.2891 |  48.4% |   1.083 |      815
T7   | orb_fast      | FAST    |   27214 |  -0.8307 |  -0.5807 |  11.6% |   0.313 |       10
T8   | btc_lead      | FAST    |   45400 |  -0.7828 |  -0.5328 |  12.1% |   0.323 |       10
T9   | oi_break      | FAST    |   47098 |  -0.7888 |  -0.5388 |  10.6% |   0.352 |        9
fam          tag    geo     n     net_r   gross_r        wr       pf   avg_bars
 T2 tsmom7d_hi15 SURV_W  3045  0.040881  0.290881 46.732348 1.078378 611.710673
 T6    xs_decile SURV_W 11109  0.039097  0.289097 48.357188 1.083071 814.698893
 T1  donchW_tide SURV_W 12190  0.029491  0.279491 49.319114 1.065324 840.841838
 T1  donchW_free SURV_W 12276  0.026796  0.276796 49.177256 1.059196 840.830238
 T3   pullback_W SURV_W 16862  0.015280  0.265280 48.766457 1.032329 803.893548
 T2      tsmom7d SURV_W 36082  0.010288  0.260288 48.353750 1.021169 760.032565
 T3   pullback_M SURV_M 26252 -0.066540  0.183460 42.850069 0.875400 264.875095
 T5   fund_carry    MID 20417 -0.231381  0.018619 44.668658 0.599806  52.068717
 T8     btc_lead   FAST 45400 -0.782850 -0.532850 12.090308 0.322838   9.519670
 T9     oi_break   FAST 47098 -0.788824 -0.538824 10.560958 0.351823   9.148308
 T7     orb_fast   FAST 27214 -0.830667 -0.580667 11.637393 0.313262   9.942971
 T4     nr7_fast   FAST  7017 -1.329696 -1.079696  5.999715 0.205165   8.673365
[battery] done in 6s → /home/user/Trading/scratch/battery_pools_v2_taker41
