[battery] loading cache
[battery] PROFILE=maker25 fee=(1, 8, 2.0, 23.0)
FAM  | tag           | geo     |       n |     netR |   grossR |    WR% |  pf_net |  avgbars
T1   | donchW_tide   | SURV_W  |   12147 |  +0.0450 |  +0.2950 |  49.7% |   1.102 |      841
T1   | donchW_free   | SURV_W  |   12233 |  +0.0423 |  +0.2923 |  49.6% |   1.095 |      841
T2   | tsmom7d       | SURV_W  |   35950 |  +0.0317 |  +0.2817 |  48.9% |   1.067 |      759
T2   | tsmom7d_hi15  | SURV_W  |    3042 |  +0.0663 |  +0.3163 |  48.3% |   1.131 |      611
T3   | pullback_M    | SURV_M  |   26149 |  -0.0342 |  +0.2158 |  48.2% |   0.934 |      264
T3   | pullback_W    | SURV_W  |   16800 |  +0.0313 |  +0.2813 |  49.0% |   1.067 |      803
T4   | nr7_fast      | FAST    |    6991 |  -0.7849 |  -0.5349 |  10.3% |   0.341 |        8
T5   | fund_carry    | MID     |   20367 |  -0.1392 |  +0.1108 |  49.2% |   0.734 |       51
T6   | xs_decile     | SURV_W  |   11072 |  +0.0573 |  +0.3073 |  48.9% |   1.124 |      814
T7   | orb_fast      | FAST    |   27132 |  -0.4887 |  -0.2387 |  20.2% |   0.473 |       10
T8   | btc_lead      | FAST    |   45231 |  -0.4338 |  -0.1838 |  22.8% |   0.502 |        9
T9   | oi_break      | FAST    |   46941 |  -0.4240 |  -0.1740 |  19.8% |   0.542 |        9
fam          tag    geo     n     net_r   gross_r        wr       pf   avg_bars
 T2 tsmom7d_hi15 SURV_W  3042  0.066308  0.316308 48.290598 1.130877 611.285996
 T6    xs_decile SURV_W 11072  0.057265  0.307265 48.934249 1.124130 814.198699
 T1  donchW_tide SURV_W 12147  0.044982  0.294982 49.748909 1.101530 840.549189
 T1  donchW_free SURV_W 12233  0.042268  0.292268 49.611706 1.095154 840.534456
 T2      tsmom7d SURV_W 35950  0.031692  0.281692 48.934631 1.066709 759.325841
 T3   pullback_W SURV_W 16800  0.031301  0.281301 48.988095 1.067472 803.388214
 T3   pullback_M SURV_M 26149 -0.034177  0.215823 48.215993 0.933590 263.912463
 T5   fund_carry    MID 20367 -0.139199  0.110801 49.236510 0.734226  51.368194
 T9     oi_break   FAST 46941 -0.424029 -0.174029 19.839799 0.541884   9.061993
 T8     btc_lead   FAST 45231 -0.433752 -0.183752 22.776414 0.502382   9.292565
 T7     orb_fast   FAST 27132 -0.488689 -0.238689 20.193867 0.472786   9.725306
 T4     nr7_fast   FAST  6991 -0.784918 -0.534918 10.341868 0.340564   8.261908
[battery] done in 5s → /home/user/Trading/scratch/battery_pools_v2_maker25
