[battery] loading cache
FAM  | tag           | geo     |       n |     netR |   grossR |    WR% |  pf_net |  avgbars
T1   | donchW_tide   | SURV_W  |   12190 |  -0.1759 |  +0.0741 |  30.4% |   0.694 |      841
T1   | donchW_free   | SURV_W  |   12276 |  -0.1786 |  +0.0714 |  30.3% |   0.690 |      841
T2   | tsmom7d       | SURV_W  |   36082 |  -0.1851 |  +0.0649 |  29.1% |   0.694 |      760
T2   | tsmom7d_hi15  | SURV_W  |    3045 |  -0.1387 |  +0.1113 |  27.6% |   0.781 |      612
T3   | pullback_M    | SURV_M  |   26252 |  -0.2273 |  +0.0227 |  27.1% |   0.647 |      265
T3   | pullback_W    | SURV_W  |   16862 |  -0.1902 |  +0.0598 |  30.2% |   0.681 |      804
T4   | nr7_fast      | FAST    |    7017 |  -0.2299 |  +0.0201 |  46.3% |   0.657 |        9
T5   | fund_carry    | MID     |   20417 |  -0.2399 |  +0.0101 |  49.7% |   0.580 |       52
T6   | xs_decile     | SURV_W  |   11109 |  -0.1631 |  +0.0869 |  30.3% |   0.725 |      815
T7   | orb_fast      | FAST    |   27214 |  -0.2290 |  +0.0210 |  45.0% |   0.665 |       10
T8   | btc_lead      | FAST    |   45400 |  -0.2089 |  +0.0411 |  47.4% |   0.682 |       10
T9   | oi_break      | FAST    |   47098 |  -0.1845 |  +0.0655 |  44.6% |   0.733 |        9
fam          tag    geo     n     net_r  gross_r        wr       pf   avg_bars
 T2 tsmom7d_hi15 SURV_W  3045 -0.138662 0.111338 27.553366 0.781087 611.710673
 T6    xs_decile SURV_W 11109 -0.163097 0.086903 30.335764 0.724732 814.698893
 T1  donchW_tide SURV_W 12190 -0.175903 0.074097 30.360952 0.694006 840.841838
 T1  donchW_free SURV_W 12276 -0.178572 0.071428 30.278592 0.690120 840.830238
 T9     oi_break   FAST 47098 -0.184544 0.065456 44.575141 0.732656   9.148308
 T2      tsmom7d SURV_W 36082 -0.185090 0.064910 29.133640 0.694223 760.032565
 T3   pullback_W SURV_W 16862 -0.190204 0.059796 30.204009 0.681020 803.893548
 T8     btc_lead   FAST 45400 -0.208876 0.041124 47.409692 0.681510   9.519670
 T3   pullback_M SURV_M 26252 -0.227302 0.022698 27.125552 0.646985 264.875095
 T7     orb_fast   FAST 27214 -0.229037 0.020963 44.973176 0.665279   9.942971
 T4     nr7_fast   FAST  7017 -0.229885 0.020115 46.316089 0.657140   8.673365
 T5   fund_carry    MID 20417 -0.239864 0.010136 49.728168 0.579898  52.068717
[battery] done in 20s → /home/user/Trading/scratch/battery_pools_v2
