Model is not converging.  Current: 121104.6891248002 is not greater than 121104.73116464935. Delta is -0.04203984914056491
Model is not converging.  Current: 121104.6891248002 is not greater than 121104.73116464935. Delta is -0.04203984914056491
Model is not converging.  Current: 139705.68529124703 is not greater than 139705.81902473842. Delta is -0.13373349138419144
Model is not converging.  Current: 139705.68529124703 is not greater than 139705.81902473842. Delta is -0.13373349138419144
Model is not converging.  Current: 177216.75792354744 is not greater than 177216.87733707493. Delta is -0.11941352748544887
Model is not converging.  Current: 177216.75792354744 is not greater than 177216.87733707493. Delta is -0.11941352748544887
Model is not converging.  Current: 186490.61786343734 is not greater than 186490.7014152583. Delta is -0.08355182097875513
Model is not converging.  Current: 186490.61786343734 is not greater than 186490.7014152583. Delta is -0.08355182097875513
Model is not converging.  Current: 214052.5595056818 is not greater than 214052.70738500537. Delta is -0.14787932357285172
Model is not converging.  Current: 214052.5595056818 is not greater than 214052.70738500537. Delta is -0.14787932357285172
Model is not converging.  Current: 234435.45843224687 is not greater than 234435.5487031847. Delta is -0.09027093782788143
Model is not converging.  Current: 234435.45843224687 is not greater than 234435.5487031847. Delta is -0.09027093782788143
Model is not converging.  Current: 255896.32793610074 is not greater than 255896.34665218365. Delta is -0.01871608290821314
Model is not converging.  Current: 255896.32793610074 is not greater than 255896.34665218365. Delta is -0.01871608290821314
Model is not converging.  Current: 457996.45319504786 is not greater than 457996.4849610999. Delta is -0.031766052066814154
Model is not converging.  Current: 457996.45319504786 is not greater than 457996.4849610999. Delta is -0.031766052066814154
Model is not converging.  Current: 488820.98237799265 is not greater than 488821.2613903178. Delta is -0.27901232516160235
Model is not converging.  Current: 488820.98237799265 is not greater than 488821.2613903178. Delta is -0.27901232516160235
Model is not converging.  Current: 518882.32078753156 is not greater than 518882.5287459329. Delta is -0.20795840135542676
Model is not converging.  Current: 518882.32078753156 is not greater than 518882.5287459329. Delta is -0.20795840135542676
Model is not converging.  Current: 569955.7219782181 is not greater than 569955.9165619003. Delta is -0.19458368222694844
Model is not converging.  Current: 569955.7219782181 is not greater than 569955.9165619003. Delta is -0.19458368222694844
Model is not converging.  Current: 655451.4078208929 is not greater than 655451.5523756862. Delta is -0.144554793369025
Model is not converging.  Current: 655451.4078208929 is not greater than 655451.5523756862. Delta is -0.144554793369025
dd   | cap   | vol   | total%    | pass | posWin | minROI% 
1.5  | 40    | False |  -77.10% | 0    | 1      |   -8.55%
1.5  | 40    | True  |  -85.43% | 0    | 1      |   -9.10%
1.5  | 60    | False |  -76.34% | 0    | 1      |   -8.50%
1.5  | 60    | True  |  -89.77% | 0    | 2      |   -9.54%
1.5  | 100   | False |  -87.02% | 0    | 2      |   -9.50%
1.5  | 100   | True  |  -90.64% | 0    | 2      |  -10.08%
2.0  | 40    | False |  -79.30% | 0    | 1      |   -8.55%
2.0  | 40    | True  |  -88.44% | 0    | 1      |   -9.10%
2.0  | 60    | False |  -89.50% | 0    | 1      |   -9.60%
2.0  | 60    | True  |  -97.07% | 0    | 2      |  -10.17%
2.0  | 100   | False |  -87.02% | 0    | 2      |   -9.50%
2.0  | 100   | True  |  -91.04% | 0    | 2      |  -10.08%
BEST CELL: (1.5, 60.0, False) total -76.34% passes 0
[stage4 RC] {
  "null_total_median_pct": -53.92745543931754,
  "null_total_p95_pct": 8.720590360601006,
  "P_null_total_ge_observed": 0.8033333333333333,
  "null_best_window_p95": 44.67676846421207,
  "null_pass_dist": {
    "0": 182,
    "1": 86,
    "2": 28,
    "3": 3,
    "4": 1
  },
  "P_null_pass_ge_observed": 0.3933333333333333
}
[stage4] wrote /home/user/Trading/scratch/ml_reversal_results/stage4_stacking.json in 70s
