[stage2] loading store + augmenting...
[battery] loading cache
[stage2] geo_id>=2 filter -> 117,393 candidates
[stage2] union: 117,393 | net r mean +0.0228
================================================================================================================================
W#  | Window                                 | Cands   | Trades | WinRate  | Net PnL      | Net ROI   | MaxDD   | Verdict
--------------------------------------------------------------------------------------------------------------------------------
W01 | May 2021 Great Liquidation Crash       | 935     | 9      |   22.2%  |    -155.19 USD |   -3.10% |  3.10% | FAIL  
W02 | September 2021 El Salvador Flash Crash | 1481    | 12     |   41.7%  |     -38.40 USD |   -0.77% |  2.55% | FAIL  
Model is not converging.  Current: 121104.6891248002 is not greater than 121104.73116464935. Delta is -0.04203984914056491
W03 | November 2021 Cycle Peak Reversal      | 1441    | 12     |   50.0%  |    -143.04 USD |   -2.86% |  3.05% | FAIL  
Model is not converging.  Current: 139705.68529124703 is not greater than 139705.81902473842. Delta is -0.13373349138419144
W04 | January 2022 Fed Macro Tightening      | 1522    | 14     |   35.7%  |    -129.61 USD |   -2.59% |  3.65% | FAIL  
Model is not converging.  Current: 177216.75792354744 is not greater than 177216.87733707493. Delta is -0.11941352748544887
W05 | May 2022 Terra-Luna Systemic Shock     | 1475    | 10     |   80.0%  |    +861.15 USD |  +17.22% |  3.40% | FAIL  
Model is not converging.  Current: 186490.61786343734 is not greater than 186490.7014152583. Delta is -0.08355182097875513
W06 | June 2022 3AC & Celsius Capitulation   | 1436    | 10     |   40.0%  |     +49.81 USD |   +1.00% |  3.34% | FAIL  
Model is not converging.  Current: 214052.5595056818 is not greater than 214052.70738500537. Delta is -0.14787932357285172
W07 | September 2022 ETH Merge Chop & Grind  | 1433    | 15     |   40.0%  |    -153.18 USD |   -3.06% |  3.12% | FAIL  
Model is not converging.  Current: 234435.45843224687 is not greater than 234435.5487031847. Delta is -0.09027093782788143
W08 | November 2022 FTX Collapse Bottom      | 1606    | 12     |   50.0%  |     -66.72 USD |   -1.33% |  2.85% | FAIL  
Model is not converging.  Current: 255896.32793610074 is not greater than 255896.34665218365. Delta is -0.01871608290821314
W09 | January 2023 Bullish Short Squeeze Rec | 1647    | 12     |   58.3%  |     +77.72 USD |   +1.55% |  2.38% | FAIL  
W10 | March 2023 SVB Bank Run & USDC Depeg   | 1621    | 13     |   76.9%  |     +11.53 USD |   +0.23% |  2.39% | FAIL  
W11 | June 2023 BlackRock Spot ETF Momentum  | 1728    | 16     |   43.8%  |     -86.40 USD |   -1.73% |  3.02% | FAIL  
W12 | August 2023 Mid-Summer Flash Liquidati | 1540    | 14     |   57.1%  |      -2.15 USD |   -0.04% |  3.00% | FAIL  
W13 | October 2023 Uptober Spot ETF Ignition | 1582    | 14     |   35.7%  |    +137.67 USD |   +2.75% |  2.98% | FAIL  
W14 | January 2024 Spot ETF Approval Shakeou | 1833    | 15     |   40.0%  |    -143.62 USD |   -2.87% |  3.55% | FAIL  
W15 | March 2024 Pre-Halving All-Time High R | 1152    | 11     |   45.5%  |      +7.16 USD |   +0.14% |  1.14% | FAIL  
Model is not converging.  Current: 457996.45319504786 is not greater than 457996.4849610999. Delta is -0.031766052066814154
W16 | August 2024 Global Carry Trade Liquida | 1725    | 14     |   71.4%  |     +72.47 USD |   +1.45% |  3.20% | FAIL  
Model is not converging.  Current: 488820.98237799265 is not greater than 488821.2613903178. Delta is -0.27901232516160235
W17 | November 2024 US Election Mega Breakou | 1885    | 12     |   66.7%  |    +910.56 USD |  +18.21% |  1.75% | FAIL  
Model is not converging.  Current: 518882.32078753156 is not greater than 518882.5287459329. Delta is -0.20795840135542676
W18 | February 2025 Post-Inauguration Consol | 1685    | 13     |   15.4%  |    -232.69 USD |   -4.65% |  4.65% | FAIL  
Model is not converging.  Current: 569955.7219782181 is not greater than 569955.9165619003. Delta is -0.19458368222694844
W19 | July 2025 Mid-Year Volatility Expansio | 1743    | 16     |   43.8%  |     -49.57 USD |   -0.99% |  2.83% | FAIL  
Model is not converging.  Current: 655451.4078208929 is not greater than 655451.5523756862. Delta is -0.144554793369025
W20 | March 2026 Late-Cycle Microstructure S | 1565    | 13     |   38.5%  |    -151.19 USD |   -3.02% |  3.49% | FAIL  
================================================================================================================================
STAGE2-v2 SUMMARY: total PnL +776.29 USD (+15.53%) | PASS 0/20 | 40s
[MC] monthly-equivalent (25 trades) via block bootstrap: {'P_ROI>=10': 0.128, 'P_DD>5': 0.3004, 'median_ROI': -1.2914239022223593, 'median_DD': 3.8879505972346964, 'p05_ROI': -7.152729393445889, 'p95_ROI': 14.104348547221893}
[stage2] wrote /home/user/Trading/scratch/ml_reversal_results/stage2_v2_scorecard_maker25_g2_d0.json
