[Numba Core] JIT Compiler initialized and warm in 1513.4 ms.
================================================================================================================================
V2 WALK-FORWARD (suite+INV+PB | regressor selection | ratchet+time-decay exits)
================================================================================================================================
W#  | Window Name                            | Cands   | Trades | Win Rate | Net PnL     | Net ROI   | Max DD  | Verdict
--------------------------------------------------------------------------------------------------------------------------------
================================================================================================================================
V2 SUMMARY: time=3.21s | trades=241 | PnL=-1,221.43 USD (ROI -24.43%) | PASSED 0/20
================================================================================================================================
g48_20_10   tt=20  mm=none   md=3 -> pass= 0/20 posWin= 4 pnl= -1221.4 med=   +0.0 trades=241
================================================================================================================================
V2 WALK-FORWARD (suite+INV+PB | regressor selection | ratchet+time-decay exits)
================================================================================================================================
W#  | Window Name                            | Cands   | Trades | Win Rate | Net PnL     | Net ROI   | Max DD  | Verdict
--------------------------------------------------------------------------------------------------------------------------------
================================================================================================================================
V2 SUMMARY: time=4.01s | trades=212 | PnL=-1,356.43 USD (ROI -27.13%) | PASSED 0/20
================================================================================================================================
g48_20_10   tt=20  mm=none   md=4 -> pass= 0/20 posWin= 3 pnl= -1356.4 med=  -46.0 trades=212
================================================================================================================================
V2 WALK-FORWARD (suite+INV+PB | regressor selection | ratchet+time-decay exits)
================================================================================================================================
W#  | Window Name                            | Cands   | Trades | Win Rate | Net PnL     | Net ROI   | Max DD  | Verdict
--------------------------------------------------------------------------------------------------------------------------------
================================================================================================================================
V2 SUMMARY: time=3.11s | trades=241 | PnL=-1,221.43 USD (ROI -24.43%) | PASSED 0/20
================================================================================================================================
g48_20_10   tt=20  mm=soft   md=3 -> pass= 0/20 posWin= 4 pnl= -1221.4 med=   +0.0 trades=241
================================================================================================================================
V2 WALK-FORWARD (suite+INV+PB | regressor selection | ratchet+time-decay exits)
================================================================================================================================
W#  | Window Name                            | Cands   | Trades | Win Rate | Net PnL     | Net ROI   | Max DD  | Verdict
--------------------------------------------------------------------------------------------------------------------------------
================================================================================================================================
V2 SUMMARY: time=3.87s | trades=212 | PnL=-1,356.43 USD (ROI -27.13%) | PASSED 0/20
================================================================================================================================
g48_20_10   tt=20  mm=soft   md=4 -> pass= 0/20 posWin= 3 pnl= -1356.4 med=  -46.0 trades=212
================================================================================================================================
V2 WALK-FORWARD (suite+INV+PB | regressor selection | ratchet+time-decay exits)
================================================================================================================================
W#  | Window Name                            | Cands   | Trades | Win Rate | Net PnL     | Net ROI   | Max DD  | Verdict
--------------------------------------------------------------------------------------------------------------------------------
================================================================================================================================
V2 SUMMARY: time=3.17s | trades=81 | PnL=-540.00 USD (ROI -10.80%) | PASSED 0/20
================================================================================================================================
g48_20_10   tt=20  mm=floor0 md=3 -> pass= 0/20 posWin= 1 pnl=  -540.0 med=   +0.0 trades=81
================================================================================================================================
V2 WALK-FORWARD (suite+INV+PB | regressor selection | ratchet+time-decay exits)
================================================================================================================================
W#  | Window Name                            | Cands   | Trades | Win Rate | Net PnL     | Net ROI   | Max DD  | Verdict
--------------------------------------------------------------------------------------------------------------------------------
================================================================================================================================
V2 SUMMARY: time=3.94s | trades=125 | PnL=-742.20 USD (ROI -14.84%) | PASSED 0/20
================================================================================================================================
g48_20_10   tt=20  mm=floor0 md=4 -> pass= 0/20 posWin= 1 pnl=  -742.2 med=   +0.0 trades=125
================================================================================================================================
V2 WALK-FORWARD (suite+INV+PB | regressor selection | ratchet+time-decay exits)
================================================================================================================================
W#  | Window Name                            | Cands   | Trades | Win Rate | Net PnL     | Net ROI   | Max DD  | Verdict
--------------------------------------------------------------------------------------------------------------------------------
================================================================================================================================
V2 SUMMARY: time=3.10s | trades=241 | PnL=-1,221.43 USD (ROI -24.43%) | PASSED 0/20
================================================================================================================================
g48_20_10   tt=28  mm=none   md=3 -> pass= 0/20 posWin= 4 pnl= -1221.4 med=   +0.0 trades=241
================================================================================================================================
V2 WALK-FORWARD (suite+INV+PB | regressor selection | ratchet+time-decay exits)
================================================================================================================================
W#  | Window Name                            | Cands   | Trades | Win Rate | Net PnL     | Net ROI   | Max DD  | Verdict
--------------------------------------------------------------------------------------------------------------------------------
================================================================================================================================
V2 SUMMARY: time=3.99s | trades=212 | PnL=-1,356.43 USD (ROI -27.13%) | PASSED 0/20
================================================================================================================================
g48_20_10   tt=28  mm=none   md=4 -> pass= 0/20 posWin= 3 pnl= -1356.4 med=  -46.0 trades=212
================================================================================================================================
V2 WALK-FORWARD (suite+INV+PB | regressor selection | ratchet+time-decay exits)
================================================================================================================================
W#  | Window Name                            | Cands   | Trades | Win Rate | Net PnL     | Net ROI   | Max DD  | Verdict
--------------------------------------------------------------------------------------------------------------------------------
================================================================================================================================
V2 SUMMARY: time=3.48s | trades=241 | PnL=-1,221.43 USD (ROI -24.43%) | PASSED 0/20
================================================================================================================================
g48_20_10   tt=28  mm=soft   md=3 -> pass= 0/20 posWin= 4 pnl= -1221.4 med=   +0.0 trades=241
================================================================================================================================
V2 WALK-FORWARD (suite+INV+PB | regressor selection | ratchet+time-decay exits)
================================================================================================================================
W#  | Window Name                            | Cands   | Trades | Win Rate | Net PnL     | Net ROI   | Max DD  | Verdict
--------------------------------------------------------------------------------------------------------------------------------
================================================================================================================================
V2 SUMMARY: time=4.11s | trades=212 | PnL=-1,356.43 USD (ROI -27.13%) | PASSED 0/20
================================================================================================================================
g48_20_10   tt=28  mm=soft   md=4 -> pass= 0/20 posWin= 3 pnl= -1356.4 med=  -46.0 trades=212
================================================================================================================================
V2 WALK-FORWARD (suite+INV+PB | regressor selection | ratchet+time-decay exits)
================================================================================================================================
W#  | Window Name                            | Cands   | Trades | Win Rate | Net PnL     | Net ROI   | Max DD  | Verdict
--------------------------------------------------------------------------------------------------------------------------------
================================================================================================================================
V2 SUMMARY: time=3.09s | trades=81 | PnL=-540.00 USD (ROI -10.80%) | PASSED 0/20
================================================================================================================================
g48_20_10   tt=28  mm=floor0 md=3 -> pass= 0/20 posWin= 1 pnl=  -540.0 med=   +0.0 trades=81
================================================================================================================================
V2 WALK-FORWARD (suite+INV+PB | regressor selection | ratchet+time-decay exits)
================================================================================================================================
W#  | Window Name                            | Cands   | Trades | Win Rate | Net PnL     | Net ROI   | Max DD  | Verdict
--------------------------------------------------------------------------------------------------------------------------------
================================================================================================================================
V2 SUMMARY: time=3.85s | trades=125 | PnL=-742.20 USD (ROI -14.84%) | PASSED 0/20
================================================================================================================================
g48_20_10   tt=28  mm=floor0 md=4 -> pass= 0/20 posWin= 1 pnl=  -742.2 med=   +0.0 trades=125
================================================================================================================================
V2 WALK-FORWARD (suite+INV+PB | regressor selection | ratchet+time-decay exits)
================================================================================================================================
W#  | Window Name                            | Cands   | Trades | Win Rate | Net PnL     | Net ROI   | Max DD  | Verdict
--------------------------------------------------------------------------------------------------------------------------------
================================================================================================================================
V2 SUMMARY: time=3.24s | trades=241 | PnL=-1,221.43 USD (ROI -24.43%) | PASSED 0/20
================================================================================================================================
g48_20_10   tt=36  mm=none   md=3 -> pass= 0/20 posWin= 4 pnl= -1221.4 med=   +0.0 trades=241
================================================================================================================================
V2 WALK-FORWARD (suite+INV+PB | regressor selection | ratchet+time-decay exits)
================================================================================================================================
W#  | Window Name                            | Cands   | Trades | Win Rate | Net PnL     | Net ROI   | Max DD  | Verdict
--------------------------------------------------------------------------------------------------------------------------------
================================================================================================================================
V2 SUMMARY: time=4.46s | trades=212 | PnL=-1,356.43 USD (ROI -27.13%) | PASSED 0/20
================================================================================================================================
g48_20_10   tt=36  mm=none   md=4 -> pass= 0/20 posWin= 3 pnl= -1356.4 med=  -46.0 trades=212
================================================================================================================================
V2 WALK-FORWARD (suite+INV+PB | regressor selection | ratchet+time-decay exits)
================================================================================================================================
W#  | Window Name                            | Cands   | Trades | Win Rate | Net PnL     | Net ROI   | Max DD  | Verdict
--------------------------------------------------------------------------------------------------------------------------------
================================================================================================================================
V2 SUMMARY: time=3.15s | trades=241 | PnL=-1,221.43 USD (ROI -24.43%) | PASSED 0/20
================================================================================================================================
g48_20_10   tt=36  mm=soft   md=3 -> pass= 0/20 posWin= 4 pnl= -1221.4 med=   +0.0 trades=241
================================================================================================================================
V2 WALK-FORWARD (suite+INV+PB | regressor selection | ratchet+time-decay exits)
================================================================================================================================
W#  | Window Name                            | Cands   | Trades | Win Rate | Net PnL     | Net ROI   | Max DD  | Verdict
--------------------------------------------------------------------------------------------------------------------------------
================================================================================================================================
V2 SUMMARY: time=3.85s | trades=212 | PnL=-1,356.43 USD (ROI -27.13%) | PASSED 0/20
================================================================================================================================
g48_20_10   tt=36  mm=soft   md=4 -> pass= 0/20 posWin= 3 pnl= -1356.4 med=  -46.0 trades=212
================================================================================================================================
V2 WALK-FORWARD (suite+INV+PB | regressor selection | ratchet+time-decay exits)
================================================================================================================================
W#  | Window Name                            | Cands   | Trades | Win Rate | Net PnL     | Net ROI   | Max DD  | Verdict
--------------------------------------------------------------------------------------------------------------------------------
================================================================================================================================
V2 SUMMARY: time=3.34s | trades=81 | PnL=-540.00 USD (ROI -10.80%) | PASSED 0/20
================================================================================================================================
g48_20_10   tt=36  mm=floor0 md=3 -> pass= 0/20 posWin= 1 pnl=  -540.0 med=   +0.0 trades=81
================================================================================================================================
V2 WALK-FORWARD (suite+INV+PB | regressor selection | ratchet+time-decay exits)
================================================================================================================================
W#  | Window Name                            | Cands   | Trades | Win Rate | Net PnL     | Net ROI   | Max DD  | Verdict
--------------------------------------------------------------------------------------------------------------------------------
================================================================================================================================
V2 SUMMARY: time=3.96s | trades=125 | PnL=-742.20 USD (ROI -14.84%) | PASSED 0/20
================================================================================================================================
g48_20_10   tt=36  mm=floor0 md=4 -> pass= 0/20 posWin= 1 pnl=  -742.2 med=   +0.0 trades=125

[V2] Processing 11 assets (suite + INV suite + PB pullback)...
  [BTCUSDT ] 211,189 bars -> 2,840 candidates
  [ETHUSDT ] 211,195 bars -> 3,099 candidates
  [XRPUSDT ] 211,201 bars -> 3,374 candidates
  [BNBUSDT ] 211,206 bars -> 2,777 candidates
  [DOGEUSDT] 211,208 bars -> 2,897 candidates
  [ADAUSDT ] 211,211 bars -> 3,249 candidates
  [TRXUSDT ] 211,213 bars -> 3,071 candidates
  [LINKUSDT] 211,214 bars -> 3,312 candidates
  [DOTUSDT ] 211,220 bars -> 3,299 candidates
  [LTCUSDT ] 211,221 bars -> 3,380 candidates
  [BCHUSDT ] 211,226 bars -> 3,002 candidates
[V2] Total candidates: 34,300 in 1.57s
[V2] Pool mean net r: -0.2493R | wr: 49.24%
================================================================================================================================
V2 WALK-FORWARD (suite+INV+PB | regressor selection | ratchet+time-decay exits)
================================================================================================================================
W#  | Window Name                            | Cands   | Trades | Win Rate | Net PnL     | Net ROI   | Max DD  | Verdict
--------------------------------------------------------------------------------------------------------------------------------
================================================================================================================================
V2 SUMMARY: time=3.31s | trades=227 | PnL=-1,390.43 USD (ROI -27.81%) | PASSED 0/20
================================================================================================================================
g96_24_10   tt=20  mm=none   md=3 -> pass= 0/20 posWin= 2 pnl= -1390.4 med=  -21.1 trades=227
================================================================================================================================
V2 WALK-FORWARD (suite+INV+PB | regressor selection | ratchet+time-decay exits)
================================================================================================================================
W#  | Window Name                            | Cands   | Trades | Win Rate | Net PnL     | Net ROI   | Max DD  | Verdict
--------------------------------------------------------------------------------------------------------------------------------
================================================================================================================================
V2 SUMMARY: time=4.35s | trades=232 | PnL=-1,433.27 USD (ROI -28.67%) | PASSED 0/20
================================================================================================================================
g96_24_10   tt=20  mm=none   md=4 -> pass= 0/20 posWin= 3 pnl= -1433.3 med=  -16.6 trades=232
================================================================================================================================
V2 WALK-FORWARD (suite+INV+PB | regressor selection | ratchet+time-decay exits)
================================================================================================================================
W#  | Window Name                            | Cands   | Trades | Win Rate | Net PnL     | Net ROI   | Max DD  | Verdict
--------------------------------------------------------------------------------------------------------------------------------
================================================================================================================================
V2 SUMMARY: time=3.17s | trades=227 | PnL=-1,390.43 USD (ROI -27.81%) | PASSED 0/20
================================================================================================================================
g96_24_10   tt=20  mm=soft   md=3 -> pass= 0/20 posWin= 2 pnl= -1390.4 med=  -21.1 trades=227
================================================================================================================================
V2 WALK-FORWARD (suite+INV+PB | regressor selection | ratchet+time-decay exits)
================================================================================================================================
W#  | Window Name                            | Cands   | Trades | Win Rate | Net PnL     | Net ROI   | Max DD  | Verdict
--------------------------------------------------------------------------------------------------------------------------------
================================================================================================================================
V2 SUMMARY: time=3.86s | trades=232 | PnL=-1,433.27 USD (ROI -28.67%) | PASSED 0/20
================================================================================================================================
g96_24_10   tt=20  mm=soft   md=4 -> pass= 0/20 posWin= 3 pnl= -1433.3 med=  -16.6 trades=232
================================================================================================================================
V2 WALK-FORWARD (suite+INV+PB | regressor selection | ratchet+time-decay exits)
================================================================================================================================
W#  | Window Name                            | Cands   | Trades | Win Rate | Net PnL     | Net ROI   | Max DD  | Verdict
--------------------------------------------------------------------------------------------------------------------------------
================================================================================================================================
V2 SUMMARY: time=3.43s | trades=91 | PnL=-365.97 USD (ROI -7.32%) | PASSED 0/20
================================================================================================================================
g96_24_10   tt=20  mm=floor0 md=3 -> pass= 0/20 posWin= 4 pnl=  -366.0 med=   +0.0 trades=91
================================================================================================================================
V2 WALK-FORWARD (suite+INV+PB | regressor selection | ratchet+time-decay exits)
================================================================================================================================
W#  | Window Name                            | Cands   | Trades | Win Rate | Net PnL     | Net ROI   | Max DD  | Verdict
--------------------------------------------------------------------------------------------------------------------------------
================================================================================================================================
V2 SUMMARY: time=4.24s | trades=143 | PnL=-1,210.08 USD (ROI -24.20%) | PASSED 0/20
================================================================================================================================
g96_24_10   tt=20  mm=floor0 md=4 -> pass= 0/20 posWin= 2 pnl= -1210.1 med=   +0.0 trades=143
================================================================================================================================
V2 WALK-FORWARD (suite+INV+PB | regressor selection | ratchet+time-decay exits)
================================================================================================================================
W#  | Window Name                            | Cands   | Trades | Win Rate | Net PnL     | Net ROI   | Max DD  | Verdict
--------------------------------------------------------------------------------------------------------------------------------
================================================================================================================================
V2 SUMMARY: time=3.10s | trades=227 | PnL=-1,390.43 USD (ROI -27.81%) | PASSED 0/20
================================================================================================================================
g96_24_10   tt=28  mm=none   md=3 -> pass= 0/20 posWin= 2 pnl= -1390.4 med=  -21.1 trades=227
================================================================================================================================
V2 WALK-FORWARD (suite+INV+PB | regressor selection | ratchet+time-decay exits)
================================================================================================================================
W#  | Window Name                            | Cands   | Trades | Win Rate | Net PnL     | Net ROI   | Max DD  | Verdict
--------------------------------------------------------------------------------------------------------------------------------
================================================================================================================================
V2 SUMMARY: time=3.88s | trades=232 | PnL=-1,433.27 USD (ROI -28.67%) | PASSED 0/20
================================================================================================================================
g96_24_10   tt=28  mm=none   md=4 -> pass= 0/20 posWin= 3 pnl= -1433.3 med=  -16.6 trades=232
================================================================================================================================
V2 WALK-FORWARD (suite+INV+PB | regressor selection | ratchet+time-decay exits)
================================================================================================================================
W#  | Window Name                            | Cands   | Trades | Win Rate | Net PnL     | Net ROI   | Max DD  | Verdict
--------------------------------------------------------------------------------------------------------------------------------
================================================================================================================================
V2 SUMMARY: time=3.17s | trades=227 | PnL=-1,390.43 USD (ROI -27.81%) | PASSED 0/20
================================================================================================================================
g96_24_10   tt=28  mm=soft   md=3 -> pass= 0/20 posWin= 2 pnl= -1390.4 med=  -21.1 trades=227
================================================================================================================================
V2 WALK-FORWARD (suite+INV+PB | regressor selection | ratchet+time-decay exits)
================================================================================================================================
W#  | Window Name                            | Cands   | Trades | Win Rate | Net PnL     | Net ROI   | Max DD  | Verdict
--------------------------------------------------------------------------------------------------------------------------------
================================================================================================================================
V2 SUMMARY: time=3.94s | trades=232 | PnL=-1,433.27 USD (ROI -28.67%) | PASSED 0/20
================================================================================================================================
g96_24_10   tt=28  mm=soft   md=4 -> pass= 0/20 posWin= 3 pnl= -1433.3 med=  -16.6 trades=232
================================================================================================================================
V2 WALK-FORWARD (suite+INV+PB | regressor selection | ratchet+time-decay exits)
================================================================================================================================
W#  | Window Name                            | Cands   | Trades | Win Rate | Net PnL     | Net ROI   | Max DD  | Verdict
--------------------------------------------------------------------------------------------------------------------------------
================================================================================================================================
V2 SUMMARY: time=3.15s | trades=91 | PnL=-365.97 USD (ROI -7.32%) | PASSED 0/20
================================================================================================================================
g96_24_10   tt=28  mm=floor0 md=3 -> pass= 0/20 posWin= 4 pnl=  -366.0 med=   +0.0 trades=91
================================================================================================================================
V2 WALK-FORWARD (suite+INV+PB | regressor selection | ratchet+time-decay exits)
================================================================================================================================
W#  | Window Name                            | Cands   | Trades | Win Rate | Net PnL     | Net ROI   | Max DD  | Verdict
--------------------------------------------------------------------------------------------------------------------------------
================================================================================================================================
V2 SUMMARY: time=3.85s | trades=143 | PnL=-1,210.08 USD (ROI -24.20%) | PASSED 0/20
================================================================================================================================
g96_24_10   tt=28  mm=floor0 md=4 -> pass= 0/20 posWin= 2 pnl= -1210.1 med=   +0.0 trades=143
================================================================================================================================
V2 WALK-FORWARD (suite+INV+PB | regressor selection | ratchet+time-decay exits)
================================================================================================================================
W#  | Window Name                            | Cands   | Trades | Win Rate | Net PnL     | Net ROI   | Max DD  | Verdict
--------------------------------------------------------------------------------------------------------------------------------
================================================================================================================================
V2 SUMMARY: time=3.47s | trades=227 | PnL=-1,390.43 USD (ROI -27.81%) | PASSED 0/20
================================================================================================================================
g96_24_10   tt=36  mm=none   md=3 -> pass= 0/20 posWin= 2 pnl= -1390.4 med=  -21.1 trades=227
================================================================================================================================
V2 WALK-FORWARD (suite+INV+PB | regressor selection | ratchet+time-decay exits)
================================================================================================================================
W#  | Window Name                            | Cands   | Trades | Win Rate | Net PnL     | Net ROI   | Max DD  | Verdict
--------------------------------------------------------------------------------------------------------------------------------
================================================================================================================================
V2 SUMMARY: time=4.23s | trades=232 | PnL=-1,433.27 USD (ROI -28.67%) | PASSED 0/20
================================================================================================================================
g96_24_10   tt=36  mm=none   md=4 -> pass= 0/20 posWin= 3 pnl= -1433.3 med=  -16.6 trades=232
================================================================================================================================
V2 WALK-FORWARD (suite+INV+PB | regressor selection | ratchet+time-decay exits)
================================================================================================================================
W#  | Window Name                            | Cands   | Trades | Win Rate | Net PnL     | Net ROI   | Max DD  | Verdict
--------------------------------------------------------------------------------------------------------------------------------
================================================================================================================================
V2 SUMMARY: time=3.30s | trades=227 | PnL=-1,390.43 USD (ROI -27.81%) | PASSED 0/20
================================================================================================================================
g96_24_10   tt=36  mm=soft   md=3 -> pass= 0/20 posWin= 2 pnl= -1390.4 med=  -21.1 trades=227
================================================================================================================================
V2 WALK-FORWARD (suite+INV+PB | regressor selection | ratchet+time-decay exits)
================================================================================================================================
W#  | Window Name                            | Cands   | Trades | Win Rate | Net PnL     | Net ROI   | Max DD  | Verdict
--------------------------------------------------------------------------------------------------------------------------------
================================================================================================================================
V2 SUMMARY: time=3.95s | trades=232 | PnL=-1,433.27 USD (ROI -28.67%) | PASSED 0/20
================================================================================================================================
g96_24_10   tt=36  mm=soft   md=4 -> pass= 0/20 posWin= 3 pnl= -1433.3 med=  -16.6 trades=232
================================================================================================================================
V2 WALK-FORWARD (suite+INV+PB | regressor selection | ratchet+time-decay exits)
================================================================================================================================
W#  | Window Name                            | Cands   | Trades | Win Rate | Net PnL     | Net ROI   | Max DD  | Verdict
--------------------------------------------------------------------------------------------------------------------------------
================================================================================================================================
V2 SUMMARY: time=3.26s | trades=91 | PnL=-365.97 USD (ROI -7.32%) | PASSED 0/20
================================================================================================================================
g96_24_10   tt=36  mm=floor0 md=3 -> pass= 0/20 posWin= 4 pnl=  -366.0 med=   +0.0 trades=91
================================================================================================================================
V2 WALK-FORWARD (suite+INV+PB | regressor selection | ratchet+time-decay exits)
================================================================================================================================
W#  | Window Name                            | Cands   | Trades | Win Rate | Net PnL     | Net ROI   | Max DD  | Verdict
--------------------------------------------------------------------------------------------------------------------------------
================================================================================================================================
V2 SUMMARY: time=3.99s | trades=143 | PnL=-1,210.08 USD (ROI -24.20%) | PASSED 0/20
================================================================================================================================
g96_24_10   tt=36  mm=floor0 md=4 -> pass= 0/20 posWin= 2 pnl= -1210.1 med=   +0.0 trades=143

[V2] Processing 11 assets (suite + INV suite + PB pullback)...
  [BTCUSDT ] 211,189 bars -> 2,840 candidates
  [ETHUSDT ] 211,195 bars -> 3,099 candidates
  [XRPUSDT ] 211,201 bars -> 3,374 candidates
  [BNBUSDT ] 211,206 bars -> 2,777 candidates
  [DOGEUSDT] 211,208 bars -> 2,897 candidates
  [ADAUSDT ] 211,211 bars -> 3,249 candidates
  [TRXUSDT ] 211,213 bars -> 3,071 candidates
  [LINKUSDT] 211,214 bars -> 3,312 candidates
  [DOTUSDT ] 211,220 bars -> 3,299 candidates
  [LTCUSDT ] 211,221 bars -> 3,380 candidates
  [BCHUSDT ] 211,226 bars -> 3,002 candidates
[V2] Total candidates: 34,300 in 0.97s
[V2] Pool mean net r: -0.2543R | wr: 49.24%
================================================================================================================================
V2 WALK-FORWARD (suite+INV+PB | regressor selection | ratchet+time-decay exits)
================================================================================================================================
W#  | Window Name                            | Cands   | Trades | Win Rate | Net PnL     | Net ROI   | Max DD  | Verdict
--------------------------------------------------------------------------------------------------------------------------------
================================================================================================================================
V2 SUMMARY: time=3.34s | trades=242 | PnL=-1,694.61 USD (ROI -33.89%) | PASSED 0/20
================================================================================================================================
g96_20_10   tt=20  mm=none   md=3 -> pass= 0/20 posWin= 4 pnl= -1694.6 med=   +0.0 trades=242
================================================================================================================================
V2 WALK-FORWARD (suite+INV+PB | regressor selection | ratchet+time-decay exits)
================================================================================================================================
W#  | Window Name                            | Cands   | Trades | Win Rate | Net PnL     | Net ROI   | Max DD  | Verdict
--------------------------------------------------------------------------------------------------------------------------------
================================================================================================================================
V2 SUMMARY: time=4.05s | trades=220 | PnL=-1,630.51 USD (ROI -32.61%) | PASSED 0/20
================================================================================================================================
g96_20_10   tt=20  mm=none   md=4 -> pass= 0/20 posWin= 4 pnl= -1630.5 med=  -46.0 trades=220
================================================================================================================================
V2 WALK-FORWARD (suite+INV+PB | regressor selection | ratchet+time-decay exits)
================================================================================================================================
W#  | Window Name                            | Cands   | Trades | Win Rate | Net PnL     | Net ROI   | Max DD  | Verdict
--------------------------------------------------------------------------------------------------------------------------------
================================================================================================================================
V2 SUMMARY: time=3.38s | trades=242 | PnL=-1,694.61 USD (ROI -33.89%) | PASSED 0/20
================================================================================================================================
g96_20_10   tt=20  mm=soft   md=3 -> pass= 0/20 posWin= 4 pnl= -1694.6 med=   +0.0 trades=242
================================================================================================================================
V2 WALK-FORWARD (suite+INV+PB | regressor selection | ratchet+time-decay exits)
================================================================================================================================
W#  | Window Name                            | Cands   | Trades | Win Rate | Net PnL     | Net ROI   | Max DD  | Verdict
--------------------------------------------------------------------------------------------------------------------------------
================================================================================================================================
V2 SUMMARY: time=3.98s | trades=220 | PnL=-1,630.51 USD (ROI -32.61%) | PASSED 0/20
================================================================================================================================
g96_20_10   tt=20  mm=soft   md=4 -> pass= 0/20 posWin= 4 pnl= -1630.5 med=  -46.0 trades=220
================================================================================================================================
V2 WALK-FORWARD (suite+INV+PB | regressor selection | ratchet+time-decay exits)
================================================================================================================================
W#  | Window Name                            | Cands   | Trades | Win Rate | Net PnL     | Net ROI   | Max DD  | Verdict
--------------------------------------------------------------------------------------------------------------------------------
================================================================================================================================
V2 SUMMARY: time=3.16s | trades=93 | PnL=-606.20 USD (ROI -12.12%) | PASSED 0/20
================================================================================================================================
g96_20_10   tt=20  mm=floor0 md=3 -> pass= 0/20 posWin= 2 pnl=  -606.2 med=   +0.0 trades=93
================================================================================================================================
V2 WALK-FORWARD (suite+INV+PB | regressor selection | ratchet+time-decay exits)
================================================================================================================================
W#  | Window Name                            | Cands   | Trades | Win Rate | Net PnL     | Net ROI   | Max DD  | Verdict
--------------------------------------------------------------------------------------------------------------------------------
================================================================================================================================
V2 SUMMARY: time=3.94s | trades=132 | PnL=-847.20 USD (ROI -16.94%) | PASSED 0/20
================================================================================================================================
g96_20_10   tt=20  mm=floor0 md=4 -> pass= 0/20 posWin= 1 pnl=  -847.2 med=   +0.0 trades=132
================================================================================================================================
V2 WALK-FORWARD (suite+INV+PB | regressor selection | ratchet+time-decay exits)
================================================================================================================================
W#  | Window Name                            | Cands   | Trades | Win Rate | Net PnL     | Net ROI   | Max DD  | Verdict
--------------------------------------------------------------------------------------------------------------------------------
================================================================================================================================
V2 SUMMARY: time=3.05s | trades=242 | PnL=-1,694.61 USD (ROI -33.89%) | PASSED 0/20
================================================================================================================================
g96_20_10   tt=28  mm=none   md=3 -> pass= 0/20 posWin= 4 pnl= -1694.6 med=   +0.0 trades=242
================================================================================================================================
V2 WALK-FORWARD (suite+INV+PB | regressor selection | ratchet+time-decay exits)
================================================================================================================================
W#  | Window Name                            | Cands   | Trades | Win Rate | Net PnL     | Net ROI   | Max DD  | Verdict
--------------------------------------------------------------------------------------------------------------------------------
================================================================================================================================
V2 SUMMARY: time=3.83s | trades=220 | PnL=-1,630.51 USD (ROI -32.61%) | PASSED 0/20
================================================================================================================================
g96_20_10   tt=28  mm=none   md=4 -> pass= 0/20 posWin= 4 pnl= -1630.5 med=  -46.0 trades=220
================================================================================================================================
V2 WALK-FORWARD (suite+INV+PB | regressor selection | ratchet+time-decay exits)
================================================================================================================================
W#  | Window Name                            | Cands   | Trades | Win Rate | Net PnL     | Net ROI   | Max DD  | Verdict
--------------------------------------------------------------------------------------------------------------------------------
================================================================================================================================
V2 SUMMARY: time=3.16s | trades=242 | PnL=-1,694.61 USD (ROI -33.89%) | PASSED 0/20
================================================================================================================================
g96_20_10   tt=28  mm=soft   md=3 -> pass= 0/20 posWin= 4 pnl= -1694.6 med=   +0.0 trades=242
================================================================================================================================
V2 WALK-FORWARD (suite+INV+PB | regressor selection | ratchet+time-decay exits)
================================================================================================================================
W#  | Window Name                            | Cands   | Trades | Win Rate | Net PnL     | Net ROI   | Max DD  | Verdict
--------------------------------------------------------------------------------------------------------------------------------
================================================================================================================================
V2 SUMMARY: time=3.89s | trades=220 | PnL=-1,630.51 USD (ROI -32.61%) | PASSED 0/20
================================================================================================================================
g96_20_10   tt=28  mm=soft   md=4 -> pass= 0/20 posWin= 4 pnl= -1630.5 med=  -46.0 trades=220
================================================================================================================================
V2 WALK-FORWARD (suite+INV+PB | regressor selection | ratchet+time-decay exits)
================================================================================================================================
W#  | Window Name                            | Cands   | Trades | Win Rate | Net PnL     | Net ROI   | Max DD  | Verdict
--------------------------------------------------------------------------------------------------------------------------------
================================================================================================================================
V2 SUMMARY: time=3.10s | trades=93 | PnL=-606.20 USD (ROI -12.12%) | PASSED 0/20
================================================================================================================================
g96_20_10   tt=28  mm=floor0 md=3 -> pass= 0/20 posWin= 2 pnl=  -606.2 med=   +0.0 trades=93
================================================================================================================================
V2 WALK-FORWARD (suite+INV+PB | regressor selection | ratchet+time-decay exits)
================================================================================================================================
W#  | Window Name                            | Cands   | Trades | Win Rate | Net PnL     | Net ROI   | Max DD  | Verdict
--------------------------------------------------------------------------------------------------------------------------------
================================================================================================================================
V2 SUMMARY: time=3.84s | trades=132 | PnL=-847.20 USD (ROI -16.94%) | PASSED 0/20
================================================================================================================================
g96_20_10   tt=28  mm=floor0 md=4 -> pass= 0/20 posWin= 1 pnl=  -847.2 med=   +0.0 trades=132
================================================================================================================================
V2 WALK-FORWARD (suite+INV+PB | regressor selection | ratchet+time-decay exits)
================================================================================================================================
W#  | Window Name                            | Cands   | Trades | Win Rate | Net PnL     | Net ROI   | Max DD  | Verdict
--------------------------------------------------------------------------------------------------------------------------------
================================================================================================================================
V2 SUMMARY: time=3.09s | trades=242 | PnL=-1,694.61 USD (ROI -33.89%) | PASSED 0/20
================================================================================================================================
g96_20_10   tt=36  mm=none   md=3 -> pass= 0/20 posWin= 4 pnl= -1694.6 med=   +0.0 trades=242
================================================================================================================================
V2 WALK-FORWARD (suite+INV+PB | regressor selection | ratchet+time-decay exits)
================================================================================================================================
W#  | Window Name                            | Cands   | Trades | Win Rate | Net PnL     | Net ROI   | Max DD  | Verdict
--------------------------------------------------------------------------------------------------------------------------------
================================================================================================================================
V2 SUMMARY: time=3.83s | trades=220 | PnL=-1,630.51 USD (ROI -32.61%) | PASSED 0/20
================================================================================================================================
g96_20_10   tt=36  mm=none   md=4 -> pass= 0/20 posWin= 4 pnl= -1630.5 med=  -46.0 trades=220
================================================================================================================================
V2 WALK-FORWARD (suite+INV+PB | regressor selection | ratchet+time-decay exits)
================================================================================================================================
W#  | Window Name                            | Cands   | Trades | Win Rate | Net PnL     | Net ROI   | Max DD  | Verdict
--------------------------------------------------------------------------------------------------------------------------------
================================================================================================================================
V2 SUMMARY: time=3.46s | trades=242 | PnL=-1,694.61 USD (ROI -33.89%) | PASSED 0/20
================================================================================================================================
g96_20_10   tt=36  mm=soft   md=3 -> pass= 0/20 posWin= 4 pnl= -1694.6 med=   +0.0 trades=242
================================================================================================================================
V2 WALK-FORWARD (suite+INV+PB | regressor selection | ratchet+time-decay exits)
================================================================================================================================
W#  | Window Name                            | Cands   | Trades | Win Rate | Net PnL     | Net ROI   | Max DD  | Verdict
--------------------------------------------------------------------------------------------------------------------------------
================================================================================================================================
V2 SUMMARY: time=4.08s | trades=220 | PnL=-1,630.51 USD (ROI -32.61%) | PASSED 0/20
================================================================================================================================
g96_20_10   tt=36  mm=soft   md=4 -> pass= 0/20 posWin= 4 pnl= -1630.5 med=  -46.0 trades=220
================================================================================================================================
V2 WALK-FORWARD (suite+INV+PB | regressor selection | ratchet+time-decay exits)
================================================================================================================================
W#  | Window Name                            | Cands   | Trades | Win Rate | Net PnL     | Net ROI   | Max DD  | Verdict
--------------------------------------------------------------------------------------------------------------------------------
================================================================================================================================
V2 SUMMARY: time=3.46s | trades=93 | PnL=-606.20 USD (ROI -12.12%) | PASSED 0/20
================================================================================================================================
g96_20_10   tt=36  mm=floor0 md=3 -> pass= 0/20 posWin= 2 pnl=  -606.2 med=   +0.0 trades=93
================================================================================================================================
V2 WALK-FORWARD (suite+INV+PB | regressor selection | ratchet+time-decay exits)
================================================================================================================================
W#  | Window Name                            | Cands   | Trades | Win Rate | Net PnL     | Net ROI   | Max DD  | Verdict
--------------------------------------------------------------------------------------------------------------------------------
================================================================================================================================
V2 SUMMARY: time=3.99s | trades=132 | PnL=-847.20 USD (ROI -16.94%) | PASSED 0/20
================================================================================================================================
g96_20_10   tt=36  mm=floor0 md=4 -> pass= 0/20 posWin= 1 pnl=  -847.2 med=   +0.0 trades=132

=== TOP 12 CONFIGS ===
      geo  tt     mm  md  pass  pos_win     pnl  med_pnl  trades
g96_24_10  20 floor0   3     0        4  -366.0      0.0      91
g96_24_10  28 floor0   3     0        4  -366.0      0.0      91
g96_24_10  36 floor0   3     0        4  -366.0      0.0      91
g48_20_10  20   none   3     0        4 -1221.4      0.0     241
g48_20_10  20   soft   3     0        4 -1221.4      0.0     241
g48_20_10  28   none   3     0        4 -1221.4      0.0     241
g48_20_10  28   soft   3     0        4 -1221.4      0.0     241
g48_20_10  36   none   3     0        4 -1221.4      0.0     241
g48_20_10  36   soft   3     0        4 -1221.4      0.0     241
g96_20_10  20   none   4     0        4 -1630.5    -46.0     220
g96_20_10  20   soft   4     0        4 -1630.5    -46.0     220
g96_20_10  28   none   4     0        4 -1630.5    -46.0     220
